node.exe : Vercel CLI 50.22.1
At line:1 char:1
+ & "C:\Program 
Files\nodejs/node.exe" 
"C:\Users\RONAK 
GARG\AppData\Roa ...
+ ~~~~~~~~~~~~~~~~~~~~~~~~~~~
~~~~~~~~~~~~~~~~~~~~~~~~~~~~~
~~~~~~~~~~~~~
    + CategoryInfo           
   : NotSpecified: (Vercel   
  CLI 50.22.1:String) [],    
 RemoteException
    + FullyQualifiedErrorId  
   : NativeCommandError
 
> [debug] 
[2026-02-26T19:47:00.683Z] 
Agent/TTY/nonInteractive: 
isAgent=false agentName=none 
stdin.isTTY=true 
--non-interactive=false => 
nonInteractive=false
> [debug] 
[2026-02-26T19:47:00.684Z] 
user supplied known 
subcommand: "build"
WARN! Build not running on 
Vercel. System environment 
variables will not be 
available.
> [debug] 
[2026-02-26T19:47:00.746Z] 
Loaded environment variables 
from "D:\piyush garg 
education\gofitt--the game 
of fitnesss\gofitt\.vercel\.e
nv.preview.local"
> [debug] 
[2026-02-26T19:47:00.764Z] 
Locating files D:\piyush 
garg education\gofitt--the 
game of fitnesss\gofitt
> [debug] 
[2026-02-26T19:47:00.765Z] 
Ignoring D:\piyush garg 
education\gofitt--the game 
of fitnesss\gofitt\.env.local
> [debug] 
[2026-02-26T19:47:00.766Z] 
Ignoring D:\piyush garg 
education\gofitt--the game 
of fitnesss\gofitt\.git
> [debug] 
[2026-02-26T19:47:00.766Z] 
Ignoring D:\piyush garg 
education\gofitt--the game 
of fitnesss\gofitt\.gitignore
> [debug] 
[2026-02-26T19:47:00.766Z] 
Ignoring D:\piyush garg 
education\gofitt--the game 
of fitnesss\gofitt\.next
> [debug] 
[2026-02-26T19:47:00.766Z] 
Ignoring D:\piyush garg 
education\gofitt--the game 
of fitnesss\gofitt\.vercel
> [debug] 
[2026-02-26T19:47:00.766Z] 
Ignoring D:\piyush garg 
education\gofitt--the game 
of 
fitnesss\gofitt\node_modules
> [debug] 
[2026-02-26T19:47:00.797Z] 
Locating files D:\piyush 
garg education\gofitt--the 
game of fitnesss\gofitt 
[33ms]
> [debug] 
[2026-02-26T19:47:00.876Z] 
Imported Builder 
"@vercel/next" from 
"C:\Users\RONAK GARG\AppData\
Roaming\npm\node_modules\verc
el\node_modules\@vercel\next"
> [debug] 
[2026-02-26T19:47:00.877Z] 
Resolved builders: 
"@vercel/next => 4.15.31"
> [debug] 
[2026-02-26T19:47:00.920Z] 
Setting env VERCEL_PROJECT_SE
TTINGS_NODE_VERSION to "24.x"
> [debug] 
[2026-02-26T19:47:00.920Z] 
Building entrypoint 
"package.json" with 
"@vercel/next"
WARNING: You should not 
upload the `.next` directory.
Installing dependencies...

up to date in 658ms

253 packages are looking for funding
  run `npm fund` for details
Detected Next.js version: 14.0.0
Running "npm run build"

> gofit-react@0.1.0 build
> next build

   Linting and checking validity of types ...

./pages/admin.tsx
128:8  Warning: React Hook useEffect has missing dependencies: 'fetchActivities', 'fetchFeedback', 'fetchTrailer', 'fetchUsers', and 'userSearch'. Either include them or remove the dependency array.  react-hooks/exhaustive-deps
129:148  Warning: React Hook useEffect has missing dependencies: 'activeTab' and 'fetchUsers'. Either include them or remove the dependency array.  react-hooks/exhaustive-deps
192:17  Warning: Custom fonts not added in `pages/_document.js` will only load for a single page. This is discouraged. See: https://nextjs.org/docs/messages/no-page-custom-font  @next/next/no-page-custom-font

info  - Need to disable some ESLint rules? Learn more here: https://nextjs.org/docs/basic-features/eslint#disabling-rules
   Γû▓ Next.js 14.0.0
   - Environments: .env.local

   Creating an optimized production build ...
 Γ£ô Compiled successfully
   Collecting page data ...
   Generating static pages (0/5) ...

   Generating static pages (1/5) 

   Generating static pages (2/5) 

   Generating static pages (3/5) 

 Γ£ô Generating static pages (5/5) 
   Finalizing page optimization ...
   Collecting build traces ...

Route (pages)                              Size     First Load JS
Γöî Γùï /                                      2.45 kB        88.2 kB
Γö£   /_app                                  0 B            83.3 kB
Γö£ Γùï /404                                   180 B          83.5 kB
Γö£ Γùï /admin                                 10 kB          95.7 kB
Γö£ ╬╗ /api/activities                        0 B            83.3 kB
Γö£ ╬╗ /api/admin/activities                  0 B            83.3 kB
Γö£ ╬╗ /api/admin/ban                         0 B            83.3 kB
Γö£ ╬╗ /api/admin/feedback                    0 B            83.3 kB
Γö£ ╬╗ /api/admin/stats                       0 B            83.3 kB
Γö£ ╬╗ /api/admin/trailer                     0 B            83.3 kB
Γö£ ╬╗ /api/admin/user-profile                0 B            83.3 kB
Γö£ ╬╗ /api/admin/users                       0 B            83.3 kB
Γö£ ╬╗ /api/auth/login                        0 B            83.3 kB
Γö£ ╬╗ /api/auth/me                           0 B            83.3 kB
Γö£ ╬╗ /api/auth/register                     0 B            83.3 kB
Γö£ ╬╗ /api/debug                             0 B            83.3 kB
Γö£ ╬╗ /api/friends                           0 B            83.3 kB
Γö£ ╬╗ /api/leaderboard                       0 B            83.3 kB
Γö£ ╬╗ /api/runs                              0 B            83.3 kB
Γö£ ╬╗ /api/territories                       0 B            83.3 kB
Γö£ ╬╗ /api/user/profile                      0 B            83.3 kB
Γö£ ╬╗ /api/user/stats                        0 B            83.3 kB
Γö£ ╬╗ /api/users/search                      0 B            83.3 kB
Γöö Γùï /dashboard (556 ms)                    488 kB          571 kB
    Γöö css/0c7fd1349b5742ad.css             5.43 kB
+ First Load JS shared by all              98.8 kB
  Γö£ chunks/framework-bcaea2e08c6b85c1.js   45.6 kB
  Γö£ chunks/main-ccb8a7a0c5e3016d.js        35.4 kB
  Γö£ chunks/pages/_app-177c53b83c69cf53.js  1.49 kB
  Γö£ chunks/webpack-efdab446b2c4fcf1.js     774 B
  Γöö css/f733f53e3ff8e51b.css               15.5 kB

Γùï  (Static)   prerendered as static HTML
╬╗  (Dynamic)  server-rendered on demand using Node.js

Traced Next.js server files in: 138.499ms
Created all serverless functions in: 164.273ms
Collected static files (public/, static/, .next/static): 3.027ms
Error: EPERM: operation not 
permitted, symlink 
'..\activities.func' -> 
'D:\piyush garg 
education\gofitt--the game 
of fitnesss\gofitt\.vercel\ou
tput\functions\api\admin\acti
vities.func'
> [debug] 
[2026-02-26T19:47:16.228Z] 
Vercel CLI 50.22.1

> [debug] 
[2026-02-26T19:47:17.095Z] 
Telemetry event tracked
> [debug] 
[2026-02-26T19:47:17.145Z] 
Telemetry subprocess exited 
with code 0
> [debug] 
[2026-02-26T19:47:17.146Z] 
Spawning C:\Users\RONAK GARG\
AppData\Roaming\npm\node_modu
les\vercel\dist\get-latest-wo
rker.cjs
> '[debug] 
[2026-02-26T19:47:17.179Z] 
Notifying parent we're ready
> '[debug] 
[2026-02-26T19:47:17.182Z] 
Received message from 
parent: {
  cacheFile: 
'C:\\Users\\RONAK GARG\\AppDa
ta\\Local\\com.vercel.cli\\Ca
che\\package-updates\\vercel-
latest.json',
  distTag: 'latest',
  name: 'vercel',
  updateCheckInterval: 
86400000
}
> '[debug] 
[2026-02-26T19:47:17.182Z] 
Disconnecting from parent
> '[debug] 
[2026-02-26T19:47:17.183Z] 
Checking lock file: 
C:\Users\RONAK GARG\AppData\L
ocal\com.vercel.cli\Cache\pac
kage-updates\vercel-latest.lo
ck
> '[debug] 
[2026-02-26T19:47:17.183Z] 
Found lock file with pid: 
32540
> '[debug] 
[2026-02-26T19:47:17.184Z] 
Resetting lock file: Error: 
kill ESRCH
> '[debug] 
[2026-02-26T19:47:17.184Z] 
Initializing lock file with 
pid 28008
> '[debug] 
[2026-02-26T19:47:17.185Z] 
Fetching https://registry.npm
js.org/-/package/vercel/dist-
tags
